"V1"
"1" -3.98814229249012
"2" 4.29384528514963
"3" -2.32416713721062
"4" -1.54217955957087
"5" -3.96019198193111
"6" 6.72179559570864
"7" -1.89621682665161
"8" 0.585770750988139
"9" -3.63224167137211
"10" 8.24974590626764
"11" -1.46826651609261
"12" 2.21372106154715
"13" -2.9042913608131
"14" 6.47769621682665
"15" -2.4403162055336
"16" 0.341671372106148
"17" -4.1763410502541
"18" 3.90564652738565
"19" -3.2123658949746
"20" 0.469621682665156
"21" -4.6483907396951
"22" 2.93359683794466
